// Jest Snapshot v1, https://goo.gl/fbAQLP

exports[`ChartCard when it renders should match the snapshot 1`] = `
<DocumentFragment>
  <div
    class="flex flex-col items-center"
  >
    <p
      class="text-neutral-shade-100 text-base font-semibold mb-2"
    >
      lorem ipsum
    </p>
    <div
      class="flex flex-col items-center justify-center border border-dashed border-neutral-shade-58 rounded-lg w-full h-96"
    >
      <p
        class="text-neutral-shade-75 text-sm px-4 text-center"
      >
        A chart will appear here when one (1) hazard is selected
      </p>
      <i
        aria-hidden="true"
        class="ci-bar_chart_square text-neutral-shade-58 text-4xl"
      />
    </div>
  </div>
</DocumentFragment>
`;
