// Jest Snapshot v1, https://goo.gl/fbAQLP

exports[`Tasks should render the titles 1`] = `
<DocumentFragment>
  <h3
    class="text-xl text-neutral-shade-100 font-semibold"
  >
    Activity task selection
  </h3>
  <p
    class="text-sm text-neutral-shade-100"
  >
    Select the tasks you were responsible for overseeing at this location.
  </p>
  <div
    class="mt-4"
  >
    <label
      class="flex items-center mb-4 gap-4"
      for="all"
    >
      <input
        class="flex-shrink-0 root"
        id="all"
        type="checkbox"
      />
      <span
        class="font-semibold text-neutral-shade-75 hover:cursor-pointer"
      >
        All tasks
      </span>
    </label>
    <ul
      class="mt-4"
    >
      <li
        class="flex gap-4 items-center mb-2"
      >
        <input
          aria-label="Loading/Unloading"
          class="flex-shrink-0 root mr-1"
          name="taskSelection.task1"
          type="checkbox"
          value="taskSelection.task1"
        />
        <div
          class="bg-white shadow-10 rounded-lg mb-2.5 border-l-8 whitespace-break-spaces flex-1 mb-0 border-risk-medium"
          data-testid="taskCard"
        >
          <header
            class="flex justify-between items-center"
          >
            <div
              class="flex flex-1 items-stretch h-auto p-3"
            >
              <div
                class="flex flex-1 flex-wrap items-stretch gap-y-3 gap-x-6 md:gap-0 md:flex-row md:flex-nowrap md:items-center mr-6 outline-none"
                role="button"
                tabindex="0"
              >
                <div
                  class="text-left text-base text-neutral-shade-100 font-bold flex flex-auto m-0 items-center gap-3 w-full md:flex-initial md:gap-4 md:w-auto md:ml-3 md:mr-4"
                >
                  <div>
                    <span
                      class="text-action-label font-action-label text-neutrals-primary font-semibold"
                    >
                      Loading/Unloading
                    </span>
                    <span
                      class=" pl-1 text-tiny font-medium text-neutral-shade-58"
                    >
                      activity1
                    </span>
                  </div>
                </div>
                <span
                  class="inline-flex items-center"
                >
                  <span
                    class="inline-flex items-center w-full"
                  >
                    <div
                      class="flex items-center font-bold shadow-5 h-5 rounded-full p-0.5 w-max uppercase bg-brand-gray-20 whitespace-nowrap bg-risk-medium text-neutral-shade-100"
                      role="note"
                    >
                      <span
                        class="flex items-center px-1"
                      >
                        <i
                          aria-hidden="true"
                          class=""
                        >
                          <svg
                            fill="currentColor"
                            height="1em"
                            viewBox="0 0 24 24"
                            width="1em"
                            xmlns="http://www.w3.org/2000/svg"
                          >
                            <path
                              clip-rule="evenodd"
                              d="M9.74 11.921c-.497-.053-.91.09-1.21.441-.364.428-.53.811-.53 1.138H6c0-.998.492-1.83 1.008-2.435.796-.934 1.902-1.245 2.947-1.132 1.021.11 2.01.619 2.752 1.36.453.453 1.03.73 1.552.786.498.053.91-.09 1.21-.441.365-.428.531-.812.531-1.138h2c0 .998-.492 1.83-1.008 2.435-.796.934-1.902 1.245-2.947 1.132-1.021-.11-2.01-.619-2.752-1.36-.453-.453-1.03-.73-1.552-.786z"
                              fill-rule="evenodd"
                            />
                          </svg>
                        </i>
                        <span
                          class="text-tiny mr-1"
                        >
                          MEDIUM
                        </span>
                      </span>
                    </div>
                  </span>
                </span>
              </div>
            </div>
          </header>
        </div>
      </li>
      <li
        class="flex gap-4 items-center mb-2"
      >
        <input
          aria-label="Pipe Face Alignment"
          class="flex-shrink-0 root mr-1"
          name="taskSelection.task2"
          type="checkbox"
          value="taskSelection.task2"
        />
        <div
          class="bg-white shadow-10 rounded-lg mb-2.5 border-l-8 whitespace-break-spaces flex-1 mb-0 border-risk-medium"
          data-testid="taskCard"
        >
          <header
            class="flex justify-between items-center"
          >
            <div
              class="flex flex-1 items-stretch h-auto p-3"
            >
              <div
                class="flex flex-1 flex-wrap items-stretch gap-y-3 gap-x-6 md:gap-0 md:flex-row md:flex-nowrap md:items-center mr-6 outline-none"
                role="button"
                tabindex="0"
              >
                <div
                  class="text-left text-base text-neutral-shade-100 font-bold flex flex-auto m-0 items-center gap-3 w-full md:flex-initial md:gap-4 md:w-auto md:ml-3 md:mr-4"
                >
                  <div>
                    <span
                      class="text-action-label font-action-label text-neutrals-primary font-semibold"
                    >
                      Pipe Face Alignment
                    </span>
                    <span
                      class=" pl-1 text-tiny font-medium text-neutral-shade-58"
                    >
                      activity1
                    </span>
                  </div>
                </div>
                <span
                  class="inline-flex items-center"
                >
                  <span
                    class="inline-flex items-center w-full"
                  >
                    <div
                      class="flex items-center font-bold shadow-5 h-5 rounded-full p-0.5 w-max uppercase bg-brand-gray-20 whitespace-nowrap bg-risk-medium text-neutral-shade-100"
                      role="note"
                    >
                      <span
                        class="flex items-center px-1"
                      >
                        <i
                          aria-hidden="true"
                          class=""
                        >
                          <svg
                            fill="currentColor"
                            height="1em"
                            viewBox="0 0 24 24"
                            width="1em"
                            xmlns="http://www.w3.org/2000/svg"
                          >
                            <path
                              clip-rule="evenodd"
                              d="M9.74 11.921c-.497-.053-.91.09-1.21.441-.364.428-.53.811-.53 1.138H6c0-.998.492-1.83 1.008-2.435.796-.934 1.902-1.245 2.947-1.132 1.021.11 2.01.619 2.752 1.36.453.453 1.03.73 1.552.786.498.053.91-.09 1.21-.441.365-.428.531-.812.531-1.138h2c0 .998-.492 1.83-1.008 2.435-.796.934-1.902 1.245-2.947 1.132-1.021-.11-2.01-.619-2.752-1.36-.453-.453-1.03-.73-1.552-.786z"
                              fill-rule="evenodd"
                            />
                          </svg>
                        </i>
                        <span
                          class="text-tiny mr-1"
                        >
                          MEDIUM
                        </span>
                      </span>
                    </div>
                  </span>
                </span>
              </div>
            </div>
          </header>
        </div>
      </li>
    </ul>
  </div>
</DocumentFragment>
`;
