// Jest Snapshot v1, https://goo.gl/fbAQLP

exports[`Calendar when it renders should have 7 calendar day buttons and two navigation buttons 1`] = `
<DocumentFragment>
  <div
    class="flex items-center mb-3"
  >
    <button
      class="text-center truncate disabled:opacity-38 disabled:cursor-not-allowed text-sm rounded-md font-semibold bg-brand-urbint-10 border border-brand-urbint-40 shadow-5 hover:shadow-10 text-neutral-shade-75"
      type="button"
    >
      <div
        class="flex items-center justify-center h-full hover:bg-neutral-light-16 focus:bg-neutral-shade-7 active:bg-neutral-shade-7 px-2 py-1"
      >
        <span
          class="mx-1 truncate"
        >
          Today
        </span>
      </div>
    </button>
    <p
      class="text-lg md:text-xl ml-4 text-neutral-shade-100 truncate"
    >
      January 1, 2022
    </p>
    <div
      class="flex ml-4 md:hidden text-neutral-shade-75"
    >
      <button
        class="text-xl text-neutral-shade-75 disabled:text-neutral-shade-38 disabled:cursor-not-allowed"
        disabled=""
      >
        <i
          aria-hidden="true"
          class="ci-chevron_big_left"
        />
      </button>
      <button
        class="text-xl text-neutral-shade-75 disabled:text-neutral-shade-38 disabled:cursor-not-allowed ml-4"
      >
        <i
          aria-hidden="true"
          class="ci-chevron_big_right"
        />
      </button>
    </div>
  </div>
  <div
    class="md:flex justify-between hidden"
  >
    <button
      class="h-20 w-20 flex flex-col items-center justify-center lg:mr-12 mr-4 disabled:opacity-30 disabled:cursor-not-allowed border rounded-xl border rounded-xl border-brand-gray-40"
    >
      <i
        aria-hidden="true"
        class="ci-chevron_big_left text-xl leading-5 text-neutral-shade-75"
      />
      <span
        class="mt-1 text-xs font-base text-neutral-shade-100"
      >
        Last week
      </span>
    </button>
    <div
      class="flex flex-1 lg:justify-center justify-between"
    >
      <button
        class="h-20 w-20 flex flex-col items-center justify-center lg:mr-8 last:mr-0 disabled:opacity-30 disabled:cursor-not-allowed border rounded-xl border rounded-xl border-brand-gray-40"
      >
        <span
          class="text-base font-semibold text-brand-urbint-60"
        >
          21
        </span>
        <div
          class="flex"
        >
          <span
            class="mt-1 text-tiny font-medium text-neutral-shade-100"
          >
            Fri
          </span>
        </div>
      </button>
      <button
        class="h-20 w-20 flex flex-col items-center justify-center lg:mr-8 last:mr-0 disabled:opacity-30 disabled:cursor-not-allowed border rounded-xl border rounded-xl border-brand-gray-40"
      >
        <span
          class="text-base font-semibold text-brand-urbint-60"
        >
          22
        </span>
        <div
          class="flex"
        >
          <span
            class="mt-1 text-tiny font-medium text-neutral-shade-100"
          >
            Sat
          </span>
        </div>
      </button>
      <button
        class="h-20 w-20 flex flex-col items-center justify-center lg:mr-8 last:mr-0 disabled:opacity-30 disabled:cursor-not-allowed border rounded-xl border rounded-xl border-brand-gray-40"
      >
        <span
          class="text-base font-semibold text-brand-urbint-60"
        >
          23
        </span>
        <div
          class="flex"
        >
          <span
            class="mt-1 text-tiny font-medium text-neutral-shade-100"
          >
            Sun
          </span>
        </div>
      </button>
      <button
        class="h-20 w-20 flex flex-col items-center justify-center lg:mr-8 last:mr-0 disabled:opacity-30 disabled:cursor-not-allowed border rounded-xl border rounded-xl border-brand-urbint-40"
        data-is-today="true"
      >
        <span
          class="text-base font-semibold text-brand-urbint-40"
        >
          24
        </span>
        <div
          class="flex"
        >
          <span
            class="mt-1 text-tiny font-medium text-neutral-shade-100"
          >
            Mon
          </span>
        </div>
      </button>
      <button
        class="h-20 w-20 flex flex-col items-center justify-center lg:mr-8 last:mr-0 disabled:opacity-30 disabled:cursor-not-allowed border rounded-xl border rounded-xl border-brand-gray-40"
      >
        <span
          class="text-base font-semibold text-brand-urbint-60"
        >
          25
        </span>
        <div
          class="flex"
        >
          <span
            class="mt-1 text-tiny font-medium text-neutral-shade-100"
          >
            Tue
          </span>
        </div>
      </button>
      <button
        class="h-20 w-20 flex flex-col items-center justify-center lg:mr-8 last:mr-0 disabled:opacity-30 disabled:cursor-not-allowed border rounded-xl border rounded-xl border-brand-gray-40"
      >
        <span
          class="text-base font-semibold text-brand-urbint-60"
        >
          26
        </span>
        <div
          class="flex"
        >
          <span
            class="mt-1 text-tiny font-medium text-neutral-shade-100"
          >
            Wed
          </span>
        </div>
      </button>
      <button
        class="h-20 w-20 flex flex-col items-center justify-center lg:mr-8 last:mr-0 disabled:opacity-30 disabled:cursor-not-allowed border rounded-xl border rounded-xl border-brand-gray-40"
      >
        <span
          class="text-base font-semibold text-brand-urbint-60"
        >
          27
        </span>
        <div
          class="flex"
        >
          <span
            class="mt-1 text-tiny font-medium text-neutral-shade-100"
          >
            Thu
          </span>
        </div>
      </button>
    </div>
    <button
      class="h-20 w-20 flex flex-col items-center justify-center lg:ml-12 ml-4 disabled:opacity-30 disabled:cursor-not-allowed border rounded-xl border rounded-xl border-brand-gray-40"
    >
      <i
        aria-hidden="true"
        class="ci-chevron_big_right text-xl leading-5 text-neutral-shade-75"
      />
      <span
        class="mt-1 text-xs font-base text-neutral-shade-100"
      >
        Next week
      </span>
    </button>
  </div>
</DocumentFragment>
`;
