// Jest Snapshot v1, https://goo.gl/fbAQLP

exports[`ErrorMessage renders correctly 1`] = `
<DocumentFragment>
  <span
    class="text-sm mt-1 text-system-error-40"
  >
    This field is required
  </span>
</DocumentFragment>
`;
